<html>
<body>
<pre>
<h1>µVision Build Log</h1>
<h2>Project:</h2>
C:\Users\hp\Documents\can\arm_new\UART_comp\UART_as_rx.uvproj
Project File Date:  01/22/2024

<h2>Output:</h2>
Build target 'Target 1'
assembling startup_LPC17xx.s...
compiling UART_as_rx.c...
UART_as_rx.c(43): warning:  #223-D: function "tx_data" declared implicitly
UART_as_rx.c(51): error:  #159: declaration is incompatible with previous "tx_data" (declared at line 43)
UART_as_rx.c(74): warning:  #1-D: last line of file ends without a newline
Target not created
Build target 'Target 1'
assembling startup_LPC17xx.s...
compiling UART_as_rx.c...
UART_as_rx.c(75): warning:  #1-D: last line of file ends without a newline
linking...
Program Size: Code=608 RO-data=212 RW-data=0 ZI-data=1624  
FromELF: creating hex file...
"UART_as_rx.axf" - 0 Error(s), 1 Warning(s).
Build target 'Target 1'
assembling startup_LPC17xx.s...
compiling UART_as_rx.c...
UART_as_rx.c(58): error:  #20: identifier "str" is undefined
UART_as_rx.c(87): warning:  #1-D: last line of file ends without a newline
Target not created
Build target 'Target 1'
assembling startup_LPC17xx.s...
compiling UART_as_rx.c...
UART_as_rx.c(87): warning:  #1-D: last line of file ends without a newline
linking...
Program Size: Code=648 RO-data=212 RW-data=0 ZI-data=1624  
FromELF: creating hex file...
"UART_as_rx.axf" - 0 Error(s), 1 Warning(s).
Build target 'Target 1'
linking...
Program Size: Code=648 RO-data=212 RW-data=0 ZI-data=1624  
FromELF: creating hex file...
"UART_as_rx.axf" - 0 Error(s), 0 Warning(s).
Build target 'Target 1'
assembling startup_LPC17xx.s...
compiling UART_as_rx.c...
UART_as_rx.c(87): warning:  #1-D: last line of file ends without a newline
linking...
Program Size: Code=648 RO-data=212 RW-data=0 ZI-data=1624  
FromELF: creating hex file...
"UART_as_rx.axf" - 0 Error(s), 1 Warning(s).
